// Vitest Snapshot v1, https://vitest.dev/guide/snapshot.html

exports[`SearchBar > should render search bar correctly 1`] = `
<div>
  <div
    class="search-container"
  >
    <input
      placeholder="Buscar"
      type="text"
      value=""
    />
    <button />
  </div>
</div>
`;
